127.0.0.1 - - [02/Oct/2025:12:50:11 +0000] "GET / HTTP/1.1" 200 123 "-" "curl/7.68.0"
10.99.153.11 - - [02/Oct/2025:12:50:11 +0000] "GET /solr/profile/select?rows=1&q=test&wt=xml&version=2.2 HTTP/1.1" 200 2641 "-" "Solr[org.apache.solr.client.solrj.impl.HttpSolrClient] 1.0"
